
> integrated-uiux-eventflow@0.0.0 build
> vite build

[36mvite v7.3.1 [32mbuilding client environment for production...[36m[39m
transforming...
[32mΓ£ô[39m 24 modules transformed.
node.exe : [31mΓ£ù[39m 
Build failed in 180ms
At C:\Program 
Files\nodejs\npm.ps1:29 
char:3
+   & $NODE_EXE 
$NPM_CLI_JS $args
+   ~~~~~~~~~~~~~~~~~~~~~~
~~~~~~~
    + CategoryInfo        
      : NotSpecified: (  
  [31mΓ£ù[39m Build fa   
 iled in 180ms:String)    
 [], RemoteException
    + FullyQualifiedError 
   Id : NativeCommandErr  
  or
 
[31merror during build:
[31m[vite:esbuild] 
Transform failed with 1 
error:
C:/Users/User/OneDrive/Doc
uments/Integrated UIUX Eve
ntFlow/src/pages/guest/Gue
stTournamentPage.jsx:101:9
1: ERROR: Expected "}" 
but found "-"[31m
file: [36mC:/Users/User/O
neDrive/Documents/Integrat
ed UIUX EventFlow/src/page
s/guest/GuestTournamentPag
e.jsx:101:91[31m
[33m
[33mExpected "}" but 
found "-"[33m
99  |                     
    <div style={{ 
fontSize: '0.625rem', 
fontWeight: 800, color: 
'#94a3b8', textTransform: 
'upperca...
100 |                     
    <div style={{ 
background: 'white', 
border: '1px solid 
#e2e8f0', borderRadius: 
'8px', width: '1...
101 |  ...style={{ 
padding: '0.5rem 
0.75rem', display: 
'flex', justify-content: 
'space-between', 
borderBottom: '1px solid 
#f...
    |                     
                          
                  ^
102 |                     
       <div style={{ 
padding: '0.5rem 
0.75rem', display: 
'flex', justify-content: 
'space-between',...
103 |                     
    </div>
[31m
    at 
failureErrorWithLog (C:\Us
ers\User\OneDrive\Document
s\Integrated UIUX EventFlo
w\node_modules\esbuild\lib
\main.js:1467:15)
    at C:\Users\User\OneDr
ive\Documents\Integrated 
UIUX EventFlow\node_module
s\esbuild\lib\main.js:736:
50
    at responseCallbacks.<
computed> (C:\Users\User\O
neDrive\Documents\Integrat
ed UIUX EventFlow\node_mod
ules\esbuild\lib\main.js:6
03:9)
    at 
handleIncomingPacket (C:\U
sers\User\OneDrive\Documen
ts\Integrated UIUX EventFl
ow\node_modules\esbuild\li
b\main.js:658:12)
    at 
Socket.readFromStdout (C:\
Users\User\OneDrive\Docume
nts\Integrated UIUX EventF
low\node_modules\esbuild\l
ib\main.js:581:7)
    at Socket.emit 
(node:events:518:28)
    at addChunk (node:inte
rnal/streams/readable:561:
12)
    at readableAddChunkPus
hByteMode (node:internal/s
treams/readable:512:3)
    at Readable.push (node
:internal/streams/readable
:392:5)
    at Pipe.onStreamRead (
node:internal/stream_base_
commons:189:23)[39m
